// Jest Snapshot v1, https://goo.gl/fbAQLP

exports[`Pager components matches snapshot 1`] = `
<DocumentFragment>
  <div
    class="bg-white px-4 py-3 flex items-center justify-between border-t border-gray-200 sm:px-6"
  >
    <div
      class="flex-1 flex justify-between sm:hidden"
    >
      <a
        class="relative inline-flex items-center px-4 py-2 border border-gray-300 text-sm font-medium rounded-md text-gray-700 bg-white cursor-not-allowed"
        href="#"
      >
        Previous
      </a>
      <a
        class="relative inline-flex items-center px-4 py-2 border border-gray-300 text-sm font-medium rounded-md text-gray-700 bg-white hover:bg-gray-50"
        href="#"
      >
        Next
      </a>
    </div>
    <div
      class="hidden sm:flex-1 sm:flex sm:items-center sm:justify-between"
    >
      <div>
        <p
          class="text-sm text-gray-700"
        >
          <span>
            Showing
          </span>
          <span
            class="font-medium mx-1"
          >
            1
          </span>
          <span>
            to
          </span>
          <span
            class="font-medium mx-1"
          >
            2
          </span>
          <span>
            of
          </span>
          <span
            class="font-medium mx-1"
          >
            97
          </span>
          <span>
            results
          </span>
        </p>
      </div>
      <div>
        <nav
          aria-label="Pagination"
          class="relative z-0 inline-flex rounded-md shadow-sm -space-x-px"
        >
          <a
            class="relative inline-flex items-center px-4 py-2 border border-gray-300 text-sm font-medium rounded-md text-gray-700 bg-white cursor-not-allowed"
            href="#"
          >
            <svg
              aria-hidden="true"
              class="h-5 w-5"
              fill="currentColor"
              viewBox="0 0 20 20"
              xmlns="http://www.w3.org/2000/svg"
            >
              <path
                clip-rule="evenodd"
                d="M12.707 5.293a1 1 0 010 1.414L9.414 10l3.293 3.293a1 1 0 01-1.414 1.414l-4-4a1 1 0 010-1.414l4-4a1 1 0 011.414 0z"
                fill-rule="evenodd"
              />
            </svg>
          </a>
          <a
            class="relative inline-flex items-center px-4 py-2 border text-sm font-medium page-link-1 z-10 bg-indigo-50 border-indigo-500 text-indigo-600 cursor-not-allowed"
            href="#"
          >
            1
          </a>
          <a
            class="relative inline-flex items-center px-4 py-2 border text-sm font-medium page-link-2 bg-white border-gray-300 text-gray-500 hover:bg-gray-50"
            href="#"
          >
            2
          </a>
          <a
            class="relative inline-flex items-center px-4 py-2 border text-sm font-medium page-link-3 bg-white border-gray-300 text-gray-500 hover:bg-gray-50"
            href="#"
          >
            3
          </a>
          <a
            class="relative inline-flex items-center px-4 py-2 border text-sm font-medium page-link-4 bg-white border-gray-300 text-gray-500 hover:bg-gray-50"
            href="#"
          >
            4
          </a>
          <span
            class="relative inline-flex items-center px-4 py-2 border border-gray-300 bg-white text-sm font-medium text-gray-700"
          >
            ...
          </span>
          <a
            class="relative inline-flex items-center px-4 py-2 border text-sm font-medium page-link-10 bg-white border-gray-300 text-gray-500 hover:bg-gray-50"
            href="#"
          >
            10
          </a>
          <a
            class="relative inline-flex items-center px-4 py-2 border border-gray-300 text-sm font-medium rounded-md text-gray-700 bg-white hover:bg-gray-50"
            href="#"
          >
            <svg
              aria-hidden="true"
              class="h-5 w-5"
              fill="currentColor"
              viewBox="0 0 20 20"
              xmlns="http://www.w3.org/2000/svg"
            >
              <path
                clip-rule="evenodd"
                d="M7.293 14.707a1 1 0 010-1.414L10.586 10 7.293 6.707a1 1 0 011.414-1.414l4 4a1 1 0 010 1.414l-4 4a1 1 0 01-1.414 0z"
                fill-rule="evenodd"
              />
            </svg>
          </a>
        </nav>
      </div>
    </div>
  </div>
</DocumentFragment>
`;
